// Jest Snapshot v1, https://goo.gl/fbAQLP

exports[`renders the Display component correctly 1`] = `
<div
  className="bg-display"
>
  <h1
    className="result"
  >
    0
  </h1>
  <p>
    
  </p>
</div>
`;

exports[`renders the Home component correctly 1`] = `
<div
  className="bg-display"
>
  <h1
    className="result"
  >
    0
  </h1>
  <p>
    
  </p>
</div>
`;
