// Jest Snapshot v1, https://goo.gl/fbAQLP

exports[`renders the Home component correctly 1`] = `
<div>
  <p>
    Mathematics is not about numbers, equations, computations, or algorithms: it is about understanding. –William Paul Thurston
  </p>
</div>
`;

exports[`renders the Quote component correctly 1`] = `
<div>
  <p>
    Mathematics is not about numbers, equations, computations, or algorithms: it is about understanding. –William Paul Thurston
  </p>
</div>
`;
